[INFO] Scanning for projects...
[INFO] 
[INFO] ----------------------< com.bnpl:flexipay-system >----------------------
[INFO] Building FlexiPay BNPL 1.0.0
[INFO]   from pom.xml
[INFO] --------------------------------[ jar ]---------------------------------
[INFO] 
[INFO] --- resources:3.3.1:resources (default-resources) @ flexipay-system ---
[INFO] Copying 1 resource from src\main\resources to target\classes
[INFO] Copying 1 resource from src\main\resources to target\classes
[INFO] 
[INFO] --- compiler:3.11.0:compile (default-compile) @ flexipay-system ---
[INFO] Changes detected - recompiling the module! :source
[INFO] Compiling 31 source files with javac [debug release 17] to target\classes
[INFO] /C:/BNPL/BNPL/src/main/java/com/example/BNPL/config/JwtService.java: Some input files use or override a deprecated API.
[INFO] /C:/BNPL/BNPL/src/main/java/com/example/BNPL/config/JwtService.java: Recompile with -Xlint:deprecation for details.
[INFO] -------------------------------------------------------------
[ERROR] COMPILATION ERROR : 
[INFO] -------------------------------------------------------------
[ERROR] /C:/BNPL/BNPL/src/main/java/com/example/BNPL/entity/Enums.java:[3,8] enum Role is public, should be declared in a file named Role.java
[ERROR] /C:/BNPL/BNPL/src/main/java/com/example/BNPL/entity/Enums.java:[4,8] enum OrderStatus is public, should be declared in a file named OrderStatus.java
[ERROR] /C:/BNPL/BNPL/src/main/java/com/example/BNPL/entity/Enums.java:[5,8] enum EmiStatus is public, should be declared in a file named EmiStatus.java
[ERROR] /C:/BNPL/BNPL/src/main/java/com/example/BNPL/entity/Enums.java:[6,8] enum TransactionType is public, should be declared in a file named TransactionType.java
[ERROR] /C:/BNPL/BNPL/src/main/java/com/example/BNPL/entity/Enums.java:[7,8] enum PaymentStatus is public, should be declared in a file named PaymentStatus.java
[ERROR] /C:/BNPL/BNPL/src/main/java/com/example/BNPL/service/RiskAssessmentService.java:[23,17] cannot find symbol
  symbol:   method getCreditScore()
  location: variable user of type com.example.BNPL.entity.User
[ERROR] /C:/BNPL/BNPL/src/main/java/com/example/BNPL/service/RiskAssessmentService.java:[26,17] cannot find symbol
  symbol:   method getMonthlyIncome()
  location: variable user of type com.example.BNPL.entity.User
[ERROR] /C:/BNPL/BNPL/src/main/java/com/example/BNPL/service/RiskAssessmentService.java:[29,42] cannot find symbol
  symbol:   method getAmount()
  location: variable request of type com.example.BNPL.dto.CreateOrderRequest
[ERROR] /C:/BNPL/BNPL/src/main/java/com/example/BNPL/service/RiskAssessmentService.java:[30,51] cannot find symbol
  symbol:   method getTenureMonths()
  location: variable request of type com.example.BNPL.dto.CreateOrderRequest
[ERROR] /C:/BNPL/BNPL/src/main/java/com/example/BNPL/service/RiskAssessmentService.java:[32,40] cannot find symbol
  symbol:   method getMonthlyIncome()
  location: variable user of type com.example.BNPL.entity.User
[ERROR] /C:/BNPL/BNPL/src/main/java/com/example/BNPL/service/EmiCalculationService.java:[65,43] cannot find symbol
  symbol:   method builder()
  location: class com.example.BNPL.dto.EmiCalculationResponse.AmortizationEntry
[ERROR] /C:/BNPL/BNPL/src/main/java/com/example/BNPL/service/EmiCalculationService.java:[75,38] cannot find symbol
  symbol:   method builder()
  location: class com.example.BNPL.dto.EmiCalculationResponse
[ERROR] /C:/BNPL/BNPL/src/main/java/com/example/BNPL/service/BnplOrderService.java:[38,73] cannot find symbol
  symbol:   method getCreditScore()
  location: variable user of type com.example.BNPL.entity.User
[ERROR] /C:/BNPL/BNPL/src/main/java/com/example/BNPL/service/BnplOrderService.java:[42,20] cannot find symbol
  symbol:   method getAmount()
  location: variable req of type com.example.BNPL.dto.CreateOrderRequest
[ERROR] /C:/BNPL/BNPL/src/main/java/com/example/BNPL/service/BnplOrderService.java:[42,51] cannot find symbol
  symbol:   method getTenureMonths()
  location: variable req of type com.example.BNPL.dto.CreateOrderRequest
[ERROR] /C:/BNPL/BNPL/src/main/java/com/example/BNPL/service/BnplOrderService.java:[45,28] cannot find symbol
  symbol:   method builder()
  location: class com.example.BNPL.entity.Order
[ERROR] /C:/BNPL/BNPL/src/main/java/com/example/BNPL/service/BnplOrderService.java:[47,33] cannot find symbol
  symbol:   method getAmount()
  location: variable req of type com.example.BNPL.dto.CreateOrderRequest
[ERROR] /C:/BNPL/BNPL/src/main/java/com/example/BNPL/service/BnplOrderService.java:[53,33] cannot find symbol
  symbol:   method builder()
  location: class com.example.BNPL.entity.BnplPlan
[ERROR] /C:/BNPL/BNPL/src/main/java/com/example/BNPL/service/BnplOrderService.java:[55,37] cannot find symbol
  symbol:   method getAmount()
  location: variable req of type com.example.BNPL.dto.CreateOrderRequest
[ERROR] /C:/BNPL/BNPL/src/main/java/com/example/BNPL/service/BnplOrderService.java:[57,34] cannot find symbol
  symbol:   method getTenureMonths()
  location: variable req of type com.example.BNPL.dto.CreateOrderRequest
[ERROR] /C:/BNPL/BNPL/src/main/java/com/example/BNPL/service/BnplOrderService.java:[58,35] cannot find symbol
  symbol:   method getMonthlyEmi()
  location: variable emiResp of type com.example.BNPL.dto.EmiCalculationResponse
[ERROR] /C:/BNPL/BNPL/src/main/java/com/example/BNPL/service/BnplOrderService.java:[65,32] cannot find symbol
  symbol:   method getTenureMonths()
  location: variable req of type com.example.BNPL.dto.CreateOrderRequest
[ERROR] /C:/BNPL/BNPL/src/main/java/com/example/BNPL/service/BnplOrderService.java:[66,42] cannot find symbol
  symbol:   method builder()
  location: class com.example.BNPL.entity.EmiSchedule
[ERROR] /C:/BNPL/BNPL/src/main/java/com/example/BNPL/service/BnplOrderService.java:[70,36] cannot find symbol
  symbol:   method getMonthlyEmi()
  location: variable emiResp of type com.example.BNPL.dto.EmiCalculationResponse
[ERROR] /C:/BNPL/BNPL/src/main/java/com/example/BNPL/service/BnplOrderService.java:[78,51] cannot find symbol
  symbol:   method builder()
  location: class com.example.BNPL.entity.CreditHistory
[ERROR] /C:/BNPL/BNPL/src/main/java/com/example/BNPL/service/BnplOrderService.java:[81,28] cannot find symbol
  symbol:   method getAmount()
  location: variable req of type com.example.BNPL.dto.CreateOrderRequest
[ERROR] /C:/BNPL/BNPL/src/main/java/com/example/BNPL/service/BnplOrderService.java:[85,14] cannot find symbol
  symbol:   method setBnplPlan(com.example.BNPL.entity.BnplPlan)
  location: variable order of type com.example.BNPL.entity.Order
[ERROR] /C:/BNPL/BNPL/src/main/java/com/example/BNPL/service/UserDetailsServiceImpl.java:[21,21] cannot find symbol
  symbol:   method getEmail()
  location: variable user of type com.example.BNPL.entity.User
[ERROR] /C:/BNPL/BNPL/src/main/java/com/example/BNPL/service/UserDetailsServiceImpl.java:[22,21] cannot find symbol
  symbol:   method getPasswordHash()
  location: variable user of type com.example.BNPL.entity.User
[ERROR] /C:/BNPL/BNPL/src/main/java/com/example/BNPL/service/UserDetailsServiceImpl.java:[23,66] cannot find symbol
  symbol:   method getRole()
  location: variable user of type com.example.BNPL.entity.User
[ERROR] /C:/BNPL/BNPL/src/main/java/com/example/BNPL/service/UserService.java:[17,25] cannot find symbol
  symbol:   method builder()
  location: class com.example.BNPL.entity.User
[ERROR] /C:/BNPL/BNPL/src/main/java/com/example/BNPL/service/UserService.java:[18,27] cannot find symbol
  symbol:   method getEmail()
  location: variable req of type com.example.BNPL.dto.RegisterRequest
[ERROR] /C:/BNPL/BNPL/src/main/java/com/example/BNPL/service/UserService.java:[19,27] cannot find symbol
  symbol:   method getPhone()
  location: variable req of type com.example.BNPL.dto.RegisterRequest
[ERROR] /C:/BNPL/BNPL/src/main/java/com/example/BNPL/service/UserService.java:[20,29] cannot find symbol
  symbol:   method getAddress()
  location: variable req of type com.example.BNPL.dto.RegisterRequest
[ERROR] /C:/BNPL/BNPL/src/main/java/com/example/BNPL/service/UserService.java:[21,57] cannot find symbol
  symbol:   method getPassword()
  location: variable req of type com.example.BNPL.dto.RegisterRequest
[ERROR] /C:/BNPL/BNPL/src/main/java/com/example/BNPL/service/UserService.java:[22,35] cannot find symbol
  symbol:   method getMonthlyIncome()
  location: variable req of type com.example.BNPL.dto.RegisterRequest
[ERROR] /C:/BNPL/BNPL/src/main/java/com/example/BNPL/service/UserService.java:[32,76] cannot find symbol
  symbol:   method getCreditHistories()
  location: variable user of type com.example.BNPL.entity.User
[ERROR] /C:/BNPL/BNPL/src/main/java/com/example/BNPL/service/UserService.java:[33,13] cannot find symbol
  symbol:   method setCreditScore(int)
  location: variable user of type com.example.BNPL.entity.User
[ERROR] /C:/BNPL/BNPL/src/main/java/com/example/BNPL/service/CreditScoringService.java:[47,31] cannot find symbol
  symbol:   method getImpactOnScore()
  location: variable h of type com.example.BNPL.entity.CreditHistory
[ERROR] /C:/BNPL/BNPL/src/main/java/com/example/BNPL/service/CreditScoringService.java:[54,17] cannot find symbol
  symbol:   method getMonthlyIncome()
  location: variable user of type com.example.BNPL.entity.User
[ERROR] /C:/BNPL/BNPL/src/main/java/com/example/BNPL/service/CreditScoringService.java:[54,52] cannot find symbol
  symbol:   method getMonthlyIncome()
  location: variable user of type com.example.BNPL.entity.User
[ERROR] /C:/BNPL/BNPL/src/main/java/com/example/BNPL/service/CreditScoringService.java:[59,29] cannot find symbol
  symbol:   method getMonthlyIncome()
  location: variable user of type com.example.BNPL.entity.User
[ERROR] /C:/BNPL/BNPL/src/main/java/com/example/BNPL/service/CreditScoringService.java:[67,30] cannot find symbol
  symbol:   method getRegistrationDate()
  location: variable user of type com.example.BNPL.entity.User
[ERROR] /C:/BNPL/BNPL/src/main/java/com/example/BNPL/service/CreditScoringService.java:[76,22] invalid method reference
  cannot find symbol
    symbol:   method getTransactionType()
    location: class com.example.BNPL.entity.CreditHistory
[ERROR] /C:/BNPL/BNPL/src/main/java/com/example/BNPL/service/CreditScoringService.java:[84,31] cannot find symbol
  symbol:   method getDate()
  location: variable h of type com.example.BNPL.entity.CreditHistory
[ERROR] /C:/BNPL/BNPL/src/main/java/com/example/BNPL/service/CreditScoringService.java:[85,31] cannot find symbol
  symbol:   method getTransactionType()
  location: variable h of type com.example.BNPL.entity.CreditHistory
[ERROR] /C:/BNPL/BNPL/src/main/java/com/example/BNPL/controller/AuthController.java:[30,31] cannot find symbol
  symbol:   method getUserId()
  location: variable user of type com.example.BNPL.entity.User
[ERROR] /C:/BNPL/BNPL/src/main/java/com/example/BNPL/controller/AuthController.java:[31,43] cannot find symbol
  symbol:   method getCreditScore()
  location: variable user of type com.example.BNPL.entity.User
[ERROR] /C:/BNPL/BNPL/src/main/java/com/example/BNPL/controller/AuthController.java:[38,64] cannot find symbol
  symbol:   method getEmail()
  location: variable request of type com.example.BNPL.dto.AuthRequest
[ERROR] /C:/BNPL/BNPL/src/main/java/com/example/BNPL/controller/AuthController.java:[38,84] cannot find symbol
  symbol:   method getPassword()
  location: variable request of type com.example.BNPL.dto.AuthRequest
[ERROR] /C:/BNPL/BNPL/src/main/java/com/example/BNPL/controller/AuthController.java:[40,79] cannot find symbol
  symbol:   method getEmail()
  location: variable request of type com.example.BNPL.dto.AuthRequest
[INFO] 51 errors 
[INFO] -------------------------------------------------------------
[INFO] ------------------------------------------------------------------------
[INFO] BUILD FAILURE
[INFO] ------------------------------------------------------------------------
[INFO] Total time:  2.717 s
[INFO] Finished at: 2026-04-05T13:42:28+05:30
[INFO] ------------------------------------------------------------------------
[ERROR] Failed to execute goal org.apache.maven.plugins:maven-compiler-plugin:3.11.0:compile (default-compile) on project flexipay-system: Compilation failure: Compilation failure: 
[ERROR] /C:/BNPL/BNPL/src/main/java/com/example/BNPL/entity/Enums.java:[3,8] enum Role is public, should be declared in a file named Role.java
[ERROR] /C:/BNPL/BNPL/src/main/java/com/example/BNPL/entity/Enums.java:[4,8] enum OrderStatus is public, should be declared in a file named OrderStatus.java
[ERROR] /C:/BNPL/BNPL/src/main/java/com/example/BNPL/entity/Enums.java:[5,8] enum EmiStatus is public, should be declared in a file named EmiStatus.java
[ERROR] /C:/BNPL/BNPL/src/main/java/com/example/BNPL/entity/Enums.java:[6,8] enum TransactionType is public, should be declared in a file named TransactionType.java
[ERROR] /C:/BNPL/BNPL/src/main/java/com/example/BNPL/entity/Enums.java:[7,8] enum PaymentStatus is public, should be declared in a file named PaymentStatus.java
[ERROR] /C:/BNPL/BNPL/src/main/java/com/example/BNPL/service/RiskAssessmentService.java:[23,17] cannot find symbol
[ERROR]   symbol:   method getCreditScore()
[ERROR]   location: variable user of type com.example.BNPL.entity.User
[ERROR] /C:/BNPL/BNPL/src/main/java/com/example/BNPL/service/RiskAssessmentService.java:[26,17] cannot find symbol
[ERROR]   symbol:   method getMonthlyIncome()
[ERROR]   location: variable user of type com.example.BNPL.entity.User
[ERROR] /C:/BNPL/BNPL/src/main/java/com/example/BNPL/service/RiskAssessmentService.java:[29,42] cannot find symbol
[ERROR]   symbol:   method getAmount()
[ERROR]   location: variable request of type com.example.BNPL.dto.CreateOrderRequest
[ERROR] /C:/BNPL/BNPL/src/main/java/com/example/BNPL/service/RiskAssessmentService.java:[30,51] cannot find symbol
[ERROR]   symbol:   method getTenureMonths()
[ERROR]   location: variable request of type com.example.BNPL.dto.CreateOrderRequest
[ERROR] /C:/BNPL/BNPL/src/main/java/com/example/BNPL/service/RiskAssessmentService.java:[32,40] cannot find symbol
[ERROR]   symbol:   method getMonthlyIncome()
[ERROR]   location: variable user of type com.example.BNPL.entity.User
[ERROR] /C:/BNPL/BNPL/src/main/java/com/example/BNPL/service/EmiCalculationService.java:[65,43] cannot find symbol
[ERROR]   symbol:   method builder()
[ERROR]   location: class com.example.BNPL.dto.EmiCalculationResponse.AmortizationEntry
[ERROR] /C:/BNPL/BNPL/src/main/java/com/example/BNPL/service/EmiCalculationService.java:[75,38] cannot find symbol
[ERROR]   symbol:   method builder()
[ERROR]   location: class com.example.BNPL.dto.EmiCalculationResponse
[ERROR] /C:/BNPL/BNPL/src/main/java/com/example/BNPL/service/BnplOrderService.java:[38,73] cannot find symbol
[ERROR]   symbol:   method getCreditScore()
[ERROR]   location: variable user of type com.example.BNPL.entity.User
[ERROR] /C:/BNPL/BNPL/src/main/java/com/example/BNPL/service/BnplOrderService.java:[42,20] cannot find symbol
[ERROR]   symbol:   method getAmount()
[ERROR]   location: variable req of type com.example.BNPL.dto.CreateOrderRequest
[ERROR] /C:/BNPL/BNPL/src/main/java/com/example/BNPL/service/BnplOrderService.java:[42,51] cannot find symbol
[ERROR]   symbol:   method getTenureMonths()
[ERROR]   location: variable req of type com.example.BNPL.dto.CreateOrderRequest
[ERROR] /C:/BNPL/BNPL/src/main/java/com/example/BNPL/service/BnplOrderService.java:[45,28] cannot find symbol
[ERROR]   symbol:   method builder()
[ERROR]   location: class com.example.BNPL.entity.Order
[ERROR] /C:/BNPL/BNPL/src/main/java/com/example/BNPL/service/BnplOrderService.java:[47,33] cannot find symbol
[ERROR]   symbol:   method getAmount()
[ERROR]   location: variable req of type com.example.BNPL.dto.CreateOrderRequest
[ERROR] /C:/BNPL/BNPL/src/main/java/com/example/BNPL/service/BnplOrderService.java:[53,33] cannot find symbol
[ERROR]   symbol:   method builder()
[ERROR]   location: class com.example.BNPL.entity.BnplPlan
[ERROR] /C:/BNPL/BNPL/src/main/java/com/example/BNPL/service/BnplOrderService.java:[55,37] cannot find symbol
[ERROR]   symbol:   method getAmount()
[ERROR]   location: variable req of type com.example.BNPL.dto.CreateOrderRequest
[ERROR] /C:/BNPL/BNPL/src/main/java/com/example/BNPL/service/BnplOrderService.java:[57,34] cannot find symbol
[ERROR]   symbol:   method getTenureMonths()
[ERROR]   location: variable req of type com.example.BNPL.dto.CreateOrderRequest
[ERROR] /C:/BNPL/BNPL/src/main/java/com/example/BNPL/service/BnplOrderService.java:[58,35] cannot find symbol
[ERROR]   symbol:   method getMonthlyEmi()
[ERROR]   location: variable emiResp of type com.example.BNPL.dto.EmiCalculationResponse
[ERROR] /C:/BNPL/BNPL/src/main/java/com/example/BNPL/service/BnplOrderService.java:[65,32] cannot find symbol
[ERROR]   symbol:   method getTenureMonths()
[ERROR]   location: variable req of type com.example.BNPL.dto.CreateOrderRequest
[ERROR] /C:/BNPL/BNPL/src/main/java/com/example/BNPL/service/BnplOrderService.java:[66,42] cannot find symbol
[ERROR]   symbol:   method builder()
[ERROR]   location: class com.example.BNPL.entity.EmiSchedule
[ERROR] /C:/BNPL/BNPL/src/main/java/com/example/BNPL/service/BnplOrderService.java:[70,36] cannot find symbol
[ERROR]   symbol:   method getMonthlyEmi()
[ERROR]   location: variable emiResp of type com.example.BNPL.dto.EmiCalculationResponse
[ERROR] /C:/BNPL/BNPL/src/main/java/com/example/BNPL/service/BnplOrderService.java:[78,51] cannot find symbol
[ERROR]   symbol:   method builder()
[ERROR]   location: class com.example.BNPL.entity.CreditHistory
[ERROR] /C:/BNPL/BNPL/src/main/java/com/example/BNPL/service/BnplOrderService.java:[81,28] cannot find symbol
[ERROR]   symbol:   method getAmount()
[ERROR]   location: variable req of type com.example.BNPL.dto.CreateOrderRequest
[ERROR] /C:/BNPL/BNPL/src/main/java/com/example/BNPL/service/BnplOrderService.java:[85,14] cannot find symbol
[ERROR]   symbol:   method setBnplPlan(com.example.BNPL.entity.BnplPlan)
[ERROR]   location: variable order of type com.example.BNPL.entity.Order
[ERROR] /C:/BNPL/BNPL/src/main/java/com/example/BNPL/service/UserDetailsServiceImpl.java:[21,21] cannot find symbol
[ERROR]   symbol:   method getEmail()
[ERROR]   location: variable user of type com.example.BNPL.entity.User
[ERROR] /C:/BNPL/BNPL/src/main/java/com/example/BNPL/service/UserDetailsServiceImpl.java:[22,21] cannot find symbol
[ERROR]   symbol:   method getPasswordHash()
[ERROR]   location: variable user of type com.example.BNPL.entity.User
[ERROR] /C:/BNPL/BNPL/src/main/java/com/example/BNPL/service/UserDetailsServiceImpl.java:[23,66] cannot find symbol
[ERROR]   symbol:   method getRole()
[ERROR]   location: variable user of type com.example.BNPL.entity.User
[ERROR] /C:/BNPL/BNPL/src/main/java/com/example/BNPL/service/UserService.java:[17,25] cannot find symbol
[ERROR]   symbol:   method builder()
[ERROR]   location: class com.example.BNPL.entity.User
[ERROR] /C:/BNPL/BNPL/src/main/java/com/example/BNPL/service/UserService.java:[18,27] cannot find symbol
[ERROR]   symbol:   method getEmail()
[ERROR]   location: variable req of type com.example.BNPL.dto.RegisterRequest
[ERROR] /C:/BNPL/BNPL/src/main/java/com/example/BNPL/service/UserService.java:[19,27] cannot find symbol
[ERROR]   symbol:   method getPhone()
[ERROR]   location: variable req of type com.example.BNPL.dto.RegisterRequest
[ERROR] /C:/BNPL/BNPL/src/main/java/com/example/BNPL/service/UserService.java:[20,29] cannot find symbol
[ERROR]   symbol:   method getAddress()
[ERROR]   location: variable req of type com.example.BNPL.dto.RegisterRequest
[ERROR] /C:/BNPL/BNPL/src/main/java/com/example/BNPL/service/UserService.java:[21,57] cannot find symbol
[ERROR]   symbol:   method getPassword()
[ERROR]   location: variable req of type com.example.BNPL.dto.RegisterRequest
[ERROR] /C:/BNPL/BNPL/src/main/java/com/example/BNPL/service/UserService.java:[22,35] cannot find symbol
[ERROR]   symbol:   method getMonthlyIncome()
[ERROR]   location: variable req of type com.example.BNPL.dto.RegisterRequest
[ERROR] /C:/BNPL/BNPL/src/main/java/com/example/BNPL/service/UserService.java:[32,76] cannot find symbol
[ERROR]   symbol:   method getCreditHistories()
[ERROR]   location: variable user of type com.example.BNPL.entity.User
[ERROR] /C:/BNPL/BNPL/src/main/java/com/example/BNPL/service/UserService.java:[33,13] cannot find symbol
[ERROR]   symbol:   method setCreditScore(int)
[ERROR]   location: variable user of type com.example.BNPL.entity.User
[ERROR] /C:/BNPL/BNPL/src/main/java/com/example/BNPL/service/CreditScoringService.java:[47,31] cannot find symbol
[ERROR]   symbol:   method getImpactOnScore()
[ERROR]   location: variable h of type com.example.BNPL.entity.CreditHistory
[ERROR] /C:/BNPL/BNPL/src/main/java/com/example/BNPL/service/CreditScoringService.java:[54,17] cannot find symbol
[ERROR]   symbol:   method getMonthlyIncome()
[ERROR]   location: variable user of type com.example.BNPL.entity.User
[ERROR] /C:/BNPL/BNPL/src/main/java/com/example/BNPL/service/CreditScoringService.java:[54,52] cannot find symbol
[ERROR]   symbol:   method getMonthlyIncome()
[ERROR]   location: variable user of type com.example.BNPL.entity.User
[ERROR] /C:/BNPL/BNPL/src/main/java/com/example/BNPL/service/CreditScoringService.java:[59,29] cannot find symbol
[ERROR]   symbol:   method getMonthlyIncome()
[ERROR]   location: variable user of type com.example.BNPL.entity.User
[ERROR] /C:/BNPL/BNPL/src/main/java/com/example/BNPL/service/CreditScoringService.java:[67,30] cannot find symbol
[ERROR]   symbol:   method getRegistrationDate()
[ERROR]   location: variable user of type com.example.BNPL.entity.User
[ERROR] /C:/BNPL/BNPL/src/main/java/com/example/BNPL/service/CreditScoringService.java:[76,22] invalid method reference
[ERROR]   cannot find symbol
[ERROR]     symbol:   method getTransactionType()
[ERROR]     location: class com.example.BNPL.entity.CreditHistory
[ERROR] /C:/BNPL/BNPL/src/main/java/com/example/BNPL/service/CreditScoringService.java:[84,31] cannot find symbol
[ERROR]   symbol:   method getDate()
[ERROR]   location: variable h of type com.example.BNPL.entity.CreditHistory
[ERROR] /C:/BNPL/BNPL/src/main/java/com/example/BNPL/service/CreditScoringService.java:[85,31] cannot find symbol
[ERROR]   symbol:   method getTransactionType()
[ERROR]   location: variable h of type com.example.BNPL.entity.CreditHistory
[ERROR] /C:/BNPL/BNPL/src/main/java/com/example/BNPL/controller/AuthController.java:[30,31] cannot find symbol
[ERROR]   symbol:   method getUserId()
[ERROR]   location: variable user of type com.example.BNPL.entity.User
[ERROR] /C:/BNPL/BNPL/src/main/java/com/example/BNPL/controller/AuthController.java:[31,43] cannot find symbol
[ERROR]   symbol:   method getCreditScore()
[ERROR]   location: variable user of type com.example.BNPL.entity.User
[ERROR] /C:/BNPL/BNPL/src/main/java/com/example/BNPL/controller/AuthController.java:[38,64] cannot find symbol
[ERROR]   symbol:   method getEmail()
[ERROR]   location: variable request of type com.example.BNPL.dto.AuthRequest
[ERROR] /C:/BNPL/BNPL/src/main/java/com/example/BNPL/controller/AuthController.java:[38,84] cannot find symbol
[ERROR]   symbol:   method getPassword()
[ERROR]   location: variable request of type com.example.BNPL.dto.AuthRequest
[ERROR] /C:/BNPL/BNPL/src/main/java/com/example/BNPL/controller/AuthController.java:[40,79] cannot find symbol
[ERROR]   symbol:   method getEmail()
[ERROR]   location: variable request of type com.example.BNPL.dto.AuthRequest
[ERROR] -> [Help 1]
[ERROR] 
[ERROR] To see the full stack trace of the errors, re-run Maven with the -e switch.
[ERROR] Re-run Maven using the -X switch to enable full debug logging.
[ERROR] 
[ERROR] For more information about the errors and possible solutions, please read the following articles:
[ERROR] [Help 1] http://cwiki.apache.org/confluence/display/MAVEN/MojoFailureException
